
There are no discarded input sections

Memory Configuration

Name             Origin             Length             Attributes
FLASH            0x00000000         0x00020000         xr
RAM              0x20000000         0x00004000         xrw
*default*        0x00000000         0xffffffff

Linker script and memory map

LOAD main.o
LOAD psoc_startup.o
LOAD init_io.o
LOAD spi_master.o
START GROUP
LOAD C:/Program Files (x86)/Arm GNU Toolchain arm-none-eabi/13.2 Rel1/bin/../lib/gcc/arm-none-eabi/13.2.1/thumb/v6-m/nofp\libgcc.a
LOAD C:/Program Files (x86)/Arm GNU Toolchain arm-none-eabi/13.2 Rel1/bin/../lib/gcc/arm-none-eabi/13.2.1/thumb/v6-m/nofp\libc.a
END GROUP
                0x20004000                        _estack = (ORIGIN (RAM) + LENGTH (RAM))

.isr_vector     0x00000000       0xb0
                0x00000000                        . = ALIGN (0x4)
 *(.isr_vector)
 .isr_vector    0x00000000       0xb0 psoc_startup.o
                0x00000000                vector_table
                0x000000b0                        . = ALIGN (0x4)

.text           0x000000b0      0x32c
                0x000000b0                        . = ALIGN (0x4)
 *(.text)
 .text          0x000000b0       0xa4 main.o
                0x000000b0                main
 .text          0x00000154       0x64 psoc_startup.o
                0x00000154                Reset_Handler
                0x000001b0                Default_Handler
 .text          0x000001b8       0x68 init_io.o
                0x000001b8                init_LED_and_Switch
 .text          0x00000220      0x1bc spi_master.o
                0x00000220                SPI_Master_Init
                0x00000274                SPI_Master_SendCommand
                0x0000031c                SPI_Master_ReadResponse
 *(.text*)
 *(.rodata)
 *(.rodata*)
                0x000003dc                        . = ALIGN (0x4)
                0x000003dc                        _etext = .
                0x000003dc                        _sidata = LOADADDR (.data)

.glue_7         0x000003dc        0x0
 .glue_7        0x000003dc        0x0 linker stubs

.glue_7t        0x000003dc        0x0
 .glue_7t       0x000003dc        0x0 linker stubs

.vfp11_veneer   0x000003dc        0x0
 .vfp11_veneer  0x000003dc        0x0 linker stubs

.v4_bx          0x000003dc        0x0
 .v4_bx         0x000003dc        0x0 linker stubs

.iplt           0x000003dc        0x0
 .iplt          0x000003dc        0x0 main.o

.rel.dyn        0x000003dc        0x0
 .rel.iplt      0x000003dc        0x0 main.o

.data           0x20000000        0x0 load address 0x000003dc
                0x20000000                        . = ALIGN (0x4)
                0x20000000                        _sdata = .
 *(.data)
 .data          0x20000000        0x0 main.o
 .data          0x20000000        0x0 psoc_startup.o
 .data          0x20000000        0x0 init_io.o
 .data          0x20000000        0x0 spi_master.o
 *(.data*)
                0x20000000                        . = ALIGN (0x4)
                0x20000000                        _edata = .

.igot.plt       0x20000000        0x0 load address 0x000003dc
 .igot.plt      0x20000000        0x0 main.o

.bss            0x20000000        0x0 load address 0x000003dc
                0x20000000                        . = ALIGN (0x4)
                0x20000000                        _sbss = .
 *(.bss)
 .bss           0x20000000        0x0 main.o
 .bss           0x20000000        0x0 psoc_startup.o
 .bss           0x20000000        0x0 init_io.o
 .bss           0x20000000        0x0 spi_master.o
 *(.bss*)
 *(COMMON)
                0x20000000                        . = ALIGN (0x4)
                0x20000000                        _ebss = .

._user_heap_stack
                0x20000000      0x400 load address 0x000003dc
                0x20000000                        . = ALIGN (0x8)
                0x20000400                        . = (. + 0x400)
 *fill*         0x20000000      0x400 
OUTPUT(spi_master.elf elf32-littlearm)
LOAD linker stubs

.debug_info     0x00000000      0x4a8
 .debug_info    0x00000000      0x12c main.o
 .debug_info    0x0000012c      0x13d psoc_startup.o
 .debug_info    0x00000269       0x97 init_io.o
 .debug_info    0x00000300      0x1a8 spi_master.o

.debug_abbrev   0x00000000      0x2d0
 .debug_abbrev  0x00000000       0xd8 main.o
 .debug_abbrev  0x000000d8       0xde psoc_startup.o
 .debug_abbrev  0x000001b6       0x52 init_io.o
 .debug_abbrev  0x00000208       0xc8 spi_master.o

.debug_aranges  0x00000000       0x80
 .debug_aranges
                0x00000000       0x20 main.o
 .debug_aranges
                0x00000020       0x20 psoc_startup.o
 .debug_aranges
                0x00000040       0x20 init_io.o
 .debug_aranges
                0x00000060       0x20 spi_master.o

.debug_line     0x00000000      0x635
 .debug_line    0x00000000      0x187 main.o
 .debug_line    0x00000187      0x148 psoc_startup.o
 .debug_line    0x000002cf      0x13b init_io.o
 .debug_line    0x0000040a      0x22b spi_master.o

.debug_str      0x00000000      0x1bd
 .debug_str     0x00000000      0x1bd main.o
                                0x187 (size before relaxing)
 .debug_str     0x000001bd      0x176 psoc_startup.o
 .debug_str     0x000001bd      0x12b init_io.o
 .debug_str     0x000001bd      0x16b spi_master.o

.comment        0x00000000       0x44
 .comment       0x00000000       0x44 main.o
                                 0x45 (size before relaxing)
 .comment       0x00000044       0x45 psoc_startup.o
 .comment       0x00000044       0x45 init_io.o
 .comment       0x00000044       0x45 spi_master.o

.ARM.attributes
                0x00000000       0x2c
 .ARM.attributes
                0x00000000       0x2c main.o
 .ARM.attributes
                0x0000002c       0x2c psoc_startup.o
 .ARM.attributes
                0x00000058       0x2c init_io.o
 .ARM.attributes
                0x00000084       0x2c spi_master.o

.debug_frame    0x00000000      0x118
 .debug_frame   0x00000000       0x34 main.o
 .debug_frame   0x00000034       0x4c psoc_startup.o
 .debug_frame   0x00000080       0x2c init_io.o
 .debug_frame   0x000000ac       0x6c spi_master.o
